// Jest Snapshot v1, https://goo.gl/fbAQLP

exports[`TableHeadCell renders correctly 1`] = `
ShallowWrapper {
  "length": 1,
  Symbol(enzyme.__root__): [Circular],
  Symbol(enzyme.__unrendered__): <Unknown
    active={true}
    classes={Object {}}
    onClick={[MockFunction]}
    sortUp={true}
    tooltip="I bims"
  />,
  Symbol(enzyme.__renderer__): Object {
    "batchedUpdates": [Function],
    "getNode": [Function],
    "render": [Function],
    "simulateEvent": [Function],
    "unmount": [Function],
  },
  Symbol(enzyme.__node__): Object {
    "instance": null,
    "key": undefined,
    "nodeType": "class",
    "props": Object {
      "children": <WithStyles(Tooltip)
        enterDelay={300}
        title="I bims"
      >
        <WithStyles(TableSortLabel)
          active={true}
          className="tableSortLabel"
          direction="asc"
          onClick={[MockFunction]}
        />
      </WithStyles(Tooltip)>,
    },
    "ref": null,
    "rendered": Object {
      "instance": null,
      "key": undefined,
      "nodeType": "class",
      "props": Object {
        "children": <WithStyles(TableSortLabel)
          active={true}
          className="tableSortLabel"
          direction="asc"
          onClick={[MockFunction]}
        />,
        "enterDelay": 300,
        "title": "I bims",
      },
      "ref": null,
      "rendered": Object {
        "instance": null,
        "key": undefined,
        "nodeType": "class",
        "props": Object {
          "active": true,
          "children": undefined,
          "className": "tableSortLabel",
          "direction": "asc",
          "onClick": [MockFunction],
        },
        "ref": null,
        "rendered": null,
        "type": [Function],
      },
      "type": [Function],
    },
    "type": [Function],
  },
  Symbol(enzyme.__nodes__): Array [
    Object {
      "instance": null,
      "key": undefined,
      "nodeType": "class",
      "props": Object {
        "children": <WithStyles(Tooltip)
          enterDelay={300}
          title="I bims"
        >
          <WithStyles(TableSortLabel)
            active={true}
            className="tableSortLabel"
            direction="asc"
            onClick={[MockFunction]}
          />
        </WithStyles(Tooltip)>,
      },
      "ref": null,
      "rendered": Object {
        "instance": null,
        "key": undefined,
        "nodeType": "class",
        "props": Object {
          "children": <WithStyles(TableSortLabel)
            active={true}
            className="tableSortLabel"
            direction="asc"
            onClick={[MockFunction]}
          />,
          "enterDelay": 300,
          "title": "I bims",
        },
        "ref": null,
        "rendered": Object {
          "instance": null,
          "key": undefined,
          "nodeType": "class",
          "props": Object {
            "active": true,
            "children": undefined,
            "className": "tableSortLabel",
            "direction": "asc",
            "onClick": [MockFunction],
          },
          "ref": null,
          "rendered": null,
          "type": [Function],
        },
        "type": [Function],
      },
      "type": [Function],
    },
  ],
  Symbol(enzyme.__options__): Object {
    "adapter": ReactSixteenAdapter {
      "options": Object {
        "enableComponentDidUpdateOnSetState": true,
      },
    },
  },
}
`;
