// Jest Snapshot v1, https://goo.gl/fbAQLP

exports[`SwitchUpdate renders correctly 1`] = `
ShallowWrapper {
  "length": 1,
  Symbol(enzyme.__root__): [Circular],
  Symbol(enzyme.__unrendered__): <Unknown
    onChange={[Function]}
    title="Switch"
    value={false}
  />,
  Symbol(enzyme.__renderer__): Object {
    "batchedUpdates": [Function],
    "getNode": [Function],
    "render": [Function],
    "simulateEvent": [Function],
    "unmount": [Function],
  },
  Symbol(enzyme.__node__): Object {
    "instance": null,
    "key": undefined,
    "nodeType": "class",
    "props": Object {
      "children": Array [
        <WithStyles(GridWrapper)
          item={true}
        >
          <WithStyles(Typography)
            variant="title"
          >
            Switch
          </WithStyles(Typography)>
        </WithStyles(GridWrapper)>,
        <WithStyles(GridWrapper)
          item={true}
        >
          <WithStyles(Switch)
            checked={false}
            className="updateSwitch"
            onChange={[Function]}
          />
        </WithStyles(GridWrapper)>,
      ],
      "container": true,
      "direction": "column",
    },
    "ref": null,
    "rendered": Array [
      Object {
        "instance": null,
        "key": undefined,
        "nodeType": "class",
        "props": Object {
          "children": <WithStyles(Typography)
            variant="title"
          >
            Switch
          </WithStyles(Typography)>,
          "item": true,
        },
        "ref": null,
        "rendered": Object {
          "instance": null,
          "key": undefined,
          "nodeType": "class",
          "props": Object {
            "children": "Switch",
            "variant": "title",
          },
          "ref": null,
          "rendered": "Switch",
          "type": [Function],
        },
        "type": [Function],
      },
      Object {
        "instance": null,
        "key": undefined,
        "nodeType": "class",
        "props": Object {
          "children": <WithStyles(Switch)
            checked={false}
            className="updateSwitch"
            onChange={[Function]}
          />,
          "item": true,
        },
        "ref": null,
        "rendered": Object {
          "instance": null,
          "key": undefined,
          "nodeType": "class",
          "props": Object {
            "checked": false,
            "className": "updateSwitch",
            "onChange": [Function],
          },
          "ref": null,
          "rendered": null,
          "type": [Function],
        },
        "type": [Function],
      },
    ],
    "type": [Function],
  },
  Symbol(enzyme.__nodes__): Array [
    Object {
      "instance": null,
      "key": undefined,
      "nodeType": "class",
      "props": Object {
        "children": Array [
          <WithStyles(GridWrapper)
            item={true}
          >
            <WithStyles(Typography)
              variant="title"
            >
              Switch
            </WithStyles(Typography)>
          </WithStyles(GridWrapper)>,
          <WithStyles(GridWrapper)
            item={true}
          >
            <WithStyles(Switch)
              checked={false}
              className="updateSwitch"
              onChange={[Function]}
            />
          </WithStyles(GridWrapper)>,
        ],
        "container": true,
        "direction": "column",
      },
      "ref": null,
      "rendered": Array [
        Object {
          "instance": null,
          "key": undefined,
          "nodeType": "class",
          "props": Object {
            "children": <WithStyles(Typography)
              variant="title"
            >
              Switch
            </WithStyles(Typography)>,
            "item": true,
          },
          "ref": null,
          "rendered": Object {
            "instance": null,
            "key": undefined,
            "nodeType": "class",
            "props": Object {
              "children": "Switch",
              "variant": "title",
            },
            "ref": null,
            "rendered": "Switch",
            "type": [Function],
          },
          "type": [Function],
        },
        Object {
          "instance": null,
          "key": undefined,
          "nodeType": "class",
          "props": Object {
            "children": <WithStyles(Switch)
              checked={false}
              className="updateSwitch"
              onChange={[Function]}
            />,
            "item": true,
          },
          "ref": null,
          "rendered": Object {
            "instance": null,
            "key": undefined,
            "nodeType": "class",
            "props": Object {
              "checked": false,
              "className": "updateSwitch",
              "onChange": [Function],
            },
            "ref": null,
            "rendered": null,
            "type": [Function],
          },
          "type": [Function],
        },
      ],
      "type": [Function],
    },
  ],
  Symbol(enzyme.__options__): Object {
    "adapter": ReactSixteenAdapter {
      "options": Object {
        "enableComponentDidUpdateOnSetState": true,
      },
    },
  },
}
`;
