// Jest Snapshot v1, https://goo.gl/fbAQLP

exports[`NotFound renders correctly 1`] = `
ShallowWrapper {
  Symbol(enzyme.__root__): [Circular],
  Symbol(enzyme.__unrendered__): <Unknown
    classes={Object {}}
  />,
  Symbol(enzyme.__renderer__): Object {
    "batchedUpdates": [Function],
    "getNode": [Function],
    "render": [Function],
    "simulateError": [Function],
    "simulateEvent": [Function],
    "unmount": [Function],
  },
  Symbol(enzyme.__node__): Object {
    "instance": null,
    "key": undefined,
    "nodeType": "class",
    "props": Object {
      "alignItems": "center",
      "children": Array [
        <WithStyles(Grid)
          item={true}
        >
          <img
            height={400}
            src={
              Object {
                "process": [Function],
              }
            }
          />
        </WithStyles(Grid)>,
        <WithStyles(Grid)
          item={true}
        >
          <WithStyles(Typography)
            variant="h6"
          >
            Die Seite wurde nicht gefunden.
          </WithStyles(Typography)>
        </WithStyles(Grid)>,
      ],
      "container": true,
      "justify": "center",
    },
    "ref": null,
    "rendered": Array [
      Object {
        "instance": null,
        "key": undefined,
        "nodeType": "class",
        "props": Object {
          "children": <img
            height={400}
            src={
              Object {
                "process": [Function],
              }
            }
          />,
          "item": true,
        },
        "ref": null,
        "rendered": Object {
          "instance": null,
          "key": undefined,
          "nodeType": "host",
          "props": Object {
            "height": 400,
            "src": Object {
              "process": [Function],
            },
          },
          "ref": null,
          "rendered": null,
          "type": "img",
        },
        "type": [Function],
      },
      Object {
        "instance": null,
        "key": undefined,
        "nodeType": "class",
        "props": Object {
          "children": <WithStyles(Typography)
            variant="h6"
          >
            Die Seite wurde nicht gefunden.
          </WithStyles(Typography)>,
          "item": true,
        },
        "ref": null,
        "rendered": Object {
          "instance": null,
          "key": undefined,
          "nodeType": "class",
          "props": Object {
            "children": "Die Seite wurde nicht gefunden.",
            "variant": "h6",
          },
          "ref": null,
          "rendered": "Die Seite wurde nicht gefunden.",
          "type": [Function],
        },
        "type": [Function],
      },
    ],
    "type": [Function],
  },
  Symbol(enzyme.__nodes__): Array [
    Object {
      "instance": null,
      "key": undefined,
      "nodeType": "class",
      "props": Object {
        "alignItems": "center",
        "children": Array [
          <WithStyles(Grid)
            item={true}
          >
            <img
              height={400}
              src={
                Object {
                  "process": [Function],
                }
              }
            />
          </WithStyles(Grid)>,
          <WithStyles(Grid)
            item={true}
          >
            <WithStyles(Typography)
              variant="h6"
            >
              Die Seite wurde nicht gefunden.
            </WithStyles(Typography)>
          </WithStyles(Grid)>,
        ],
        "container": true,
        "justify": "center",
      },
      "ref": null,
      "rendered": Array [
        Object {
          "instance": null,
          "key": undefined,
          "nodeType": "class",
          "props": Object {
            "children": <img
              height={400}
              src={
                Object {
                  "process": [Function],
                }
              }
            />,
            "item": true,
          },
          "ref": null,
          "rendered": Object {
            "instance": null,
            "key": undefined,
            "nodeType": "host",
            "props": Object {
              "height": 400,
              "src": Object {
                "process": [Function],
              },
            },
            "ref": null,
            "rendered": null,
            "type": "img",
          },
          "type": [Function],
        },
        Object {
          "instance": null,
          "key": undefined,
          "nodeType": "class",
          "props": Object {
            "children": <WithStyles(Typography)
              variant="h6"
            >
              Die Seite wurde nicht gefunden.
            </WithStyles(Typography)>,
            "item": true,
          },
          "ref": null,
          "rendered": Object {
            "instance": null,
            "key": undefined,
            "nodeType": "class",
            "props": Object {
              "children": "Die Seite wurde nicht gefunden.",
              "variant": "h6",
            },
            "ref": null,
            "rendered": "Die Seite wurde nicht gefunden.",
            "type": [Function],
          },
          "type": [Function],
        },
      ],
      "type": [Function],
    },
  ],
  Symbol(enzyme.__options__): Object {
    "adapter": ReactSixteenAdapter {
      "options": Object {
        "enableComponentDidUpdateOnSetState": true,
        "lifecycles": Object {
          "componentDidUpdate": Object {
            "onSetState": true,
          },
          "getDerivedStateFromProps": true,
          "getSnapshotBeforeUpdate": true,
          "setState": Object {
            "skipsComponentDidUpdateOnNullish": true,
          },
        },
      },
    },
  },
}
`;
