// Jest Snapshot v1, https://goo.gl/fbAQLP

exports[`Users renders correctly 1`] = `
ShallowWrapper {
  "length": 1,
  Symbol(enzyme.__root__): [Circular],
  Symbol(enzyme.__unrendered__): <Users
    classes={Object {}}
    getUsers={
      [MockFunction] {
        "calls": Array [
          Array [],
        ],
      }
    }
    history={
      Object {
        "action": "POP",
        "block": [Function],
        "createHref": [Function],
        "go": [Function],
        "goBack": [Function],
        "goForward": [Function],
        "length": 2,
        "listen": [Function],
        "location": Object {
          "hash": "",
          "key": "",
          "pathname": "",
          "search": "",
          "state": Object {},
        },
        "push": [Function],
        "replace": [Function],
      }
    }
    location={
      Object {
        "hash": "",
        "key": "",
        "pathname": "",
        "search": "",
        "state": Object {},
      }
    }
    match={
      Object {
        "isExact": true,
        "params": undefined,
        "path": "",
        "url": "",
      }
    }
    staticContext={Object {}}
    users={
      Array [
        Immutable.User {
          "_id": "mystupidid",
          "username": "simon",
          "displayname": "Simon",
          "email": "email@emai.com",
          "role": "student",
          "isAdult": false,
          "children": Array [],
        },
      ]
    }
  />,
  Symbol(enzyme.__renderer__): Object {
    "batchedUpdates": [Function],
    "getNode": [Function],
    "render": [Function],
    "simulateEvent": [Function],
    "unmount": [Function],
  },
  Symbol(enzyme.__node__): Object {
    "instance": null,
    "key": undefined,
    "nodeType": "function",
    "props": Object {
      "children": Array [
        <Connect(WithTheme(WithWidth(WithMobileDialog)))
          onClose={[Function]}
          show={false}
        />,
        <WithStyles(Table)
          cellExtractor={[Function]}
          headers={
            Array [
              "Username",
              "Displayname",
              "Email",
              "Role",
            ]
          }
          items={
            Array [
              Immutable.User {
                "_id": "mystupidid",
                "username": "simon",
                "displayname": "Simon",
                "email": "email@emai.com",
                "role": "student",
                "isAdult": false,
                "children": Array [],
              },
            ]
          }
          keyExtractor={[Function]}
          onClick={[Function]}
        />,
        <WithStyles(Button)
          className={undefined}
          color="primary"
          onClick={[Function]}
          variant="fab"
        >
          <pure(Add) />
        </WithStyles(Button)>,
      ],
    },
    "ref": null,
    "rendered": Array [
      Object {
        "instance": null,
        "key": undefined,
        "nodeType": "class",
        "props": Object {
          "onClose": [Function],
          "show": false,
        },
        "ref": null,
        "rendered": null,
        "type": [Function],
      },
      Object {
        "instance": null,
        "key": undefined,
        "nodeType": "class",
        "props": Object {
          "cellExtractor": [Function],
          "headers": Array [
            "Username",
            "Displayname",
            "Email",
            "Role",
          ],
          "items": Array [
            Immutable.User {
              "_id": "mystupidid",
              "username": "simon",
              "displayname": "Simon",
              "email": "email@emai.com",
              "role": "student",
              "isAdult": false,
              "children": Array [],
            },
          ],
          "keyExtractor": [Function],
          "onClick": [Function],
        },
        "ref": null,
        "rendered": null,
        "type": [Function],
      },
      Object {
        "instance": null,
        "key": undefined,
        "nodeType": "class",
        "props": Object {
          "children": <pure(Add) />,
          "className": undefined,
          "color": "primary",
          "onClick": [Function],
          "variant": "fab",
        },
        "ref": null,
        "rendered": Object {
          "instance": null,
          "key": undefined,
          "nodeType": "class",
          "props": Object {},
          "ref": null,
          "rendered": null,
          "type": [Function],
        },
        "type": [Function],
      },
    ],
    "type": Symbol(react.fragment),
  },
  Symbol(enzyme.__nodes__): Array [
    Object {
      "instance": null,
      "key": undefined,
      "nodeType": "function",
      "props": Object {
        "children": Array [
          <Connect(WithTheme(WithWidth(WithMobileDialog)))
            onClose={[Function]}
            show={false}
          />,
          <WithStyles(Table)
            cellExtractor={[Function]}
            headers={
              Array [
                "Username",
                "Displayname",
                "Email",
                "Role",
              ]
            }
            items={
              Array [
                Immutable.User {
                  "_id": "mystupidid",
                  "username": "simon",
                  "displayname": "Simon",
                  "email": "email@emai.com",
                  "role": "student",
                  "isAdult": false,
                  "children": Array [],
                },
              ]
            }
            keyExtractor={[Function]}
            onClick={[Function]}
          />,
          <WithStyles(Button)
            className={undefined}
            color="primary"
            onClick={[Function]}
            variant="fab"
          >
            <pure(Add) />
          </WithStyles(Button)>,
        ],
      },
      "ref": null,
      "rendered": Array [
        Object {
          "instance": null,
          "key": undefined,
          "nodeType": "class",
          "props": Object {
            "onClose": [Function],
            "show": false,
          },
          "ref": null,
          "rendered": null,
          "type": [Function],
        },
        Object {
          "instance": null,
          "key": undefined,
          "nodeType": "class",
          "props": Object {
            "cellExtractor": [Function],
            "headers": Array [
              "Username",
              "Displayname",
              "Email",
              "Role",
            ],
            "items": Array [
              Immutable.User {
                "_id": "mystupidid",
                "username": "simon",
                "displayname": "Simon",
                "email": "email@emai.com",
                "role": "student",
                "isAdult": false,
                "children": Array [],
              },
            ],
            "keyExtractor": [Function],
            "onClick": [Function],
          },
          "ref": null,
          "rendered": null,
          "type": [Function],
        },
        Object {
          "instance": null,
          "key": undefined,
          "nodeType": "class",
          "props": Object {
            "children": <pure(Add) />,
            "className": undefined,
            "color": "primary",
            "onClick": [Function],
            "variant": "fab",
          },
          "ref": null,
          "rendered": Object {
            "instance": null,
            "key": undefined,
            "nodeType": "class",
            "props": Object {},
            "ref": null,
            "rendered": null,
            "type": [Function],
          },
          "type": [Function],
        },
      ],
      "type": Symbol(react.fragment),
    },
  ],
  Symbol(enzyme.__options__): Object {
    "adapter": ReactSixteenAdapter {
      "options": Object {
        "enableComponentDidUpdateOnSetState": true,
      },
    },
  },
}
`;
