// Jest Snapshot v1, https://goo.gl/fbAQLP

exports[`Drawer renders correctly 1`] = `
ShallowWrapper {
  Symbol(enzyme.__root__): [Circular],
  Symbol(enzyme.__unrendered__): <WithStyles(withRouter(Connect(Drawer)))
    history={
      Object {
        "action": "POP",
        "block": [Function],
        "createHref": [Function],
        "go": [Function],
        "goBack": [Function],
        "goForward": [Function],
        "length": 2,
        "listen": [Function],
        "location": Object {
          "hash": "",
          "key": "",
          "pathname": "",
          "search": "",
          "state": Object {},
        },
        "push": [Function],
        "replace": [Function],
      }
    }
    location={
      Object {
        "hash": "",
        "key": "",
        "pathname": "",
        "search": "",
        "state": Object {},
      }
    }
    match={
      Object {
        "isExact": true,
        "params": Object {},
        "path": "",
        "url": "",
      }
    }
    staticContext={Object {}}
  >
    Hallo
  </WithStyles(withRouter(Connect(Drawer)))>,
  Symbol(enzyme.__renderer__): Object {
    "batchedUpdates": [Function],
    "getNode": [Function],
    "render": [Function],
    "simulateError": [Function],
    "simulateEvent": [Function],
    "unmount": [Function],
  },
  Symbol(enzyme.__node__): Object {
    "instance": null,
    "key": undefined,
    "nodeType": "function",
    "props": Object {
      "children": "Hallo",
      "classes": Object {
        "appBar": "withRouter-Connect-Drawer---appBar-3",
        "appFrame": "withRouter-Connect-Drawer---appFrame-2",
        "content": "withRouter-Connect-Drawer---content-9",
        "drawerPaper": "withRouter-Connect-Drawer---drawerPaper-8",
        "grow": "withRouter-Connect-Drawer---grow-5",
        "loadingIndicator": "withRouter-Connect-Drawer---loadingIndicator-10",
        "logo": "withRouter-Connect-Drawer---logo-6",
        "navIconHide": "withRouter-Connect-Drawer---navIconHide-7",
        "root": "withRouter-Connect-Drawer---root-1",
        "toolBar": "withRouter-Connect-Drawer---toolBar-4",
      },
      "history": Object {
        "action": "POP",
        "block": [Function],
        "createHref": [Function],
        "go": [Function],
        "goBack": [Function],
        "goForward": [Function],
        "length": 2,
        "listen": [Function],
        "location": Object {
          "hash": "",
          "key": "",
          "pathname": "",
          "search": "",
          "state": Object {},
        },
        "push": [Function],
        "replace": [Function],
      },
      "location": Object {
        "hash": "",
        "key": "",
        "pathname": "",
        "search": "",
        "state": Object {},
      },
      "match": Object {
        "isExact": true,
        "params": Object {},
        "path": "",
        "url": "",
      },
      "staticContext": Object {},
    },
    "ref": null,
    "rendered": "Hallo",
    "type": [Function],
  },
  Symbol(enzyme.__nodes__): Array [
    Object {
      "instance": null,
      "key": undefined,
      "nodeType": "function",
      "props": Object {
        "children": "Hallo",
        "classes": Object {
          "appBar": "withRouter-Connect-Drawer---appBar-3",
          "appFrame": "withRouter-Connect-Drawer---appFrame-2",
          "content": "withRouter-Connect-Drawer---content-9",
          "drawerPaper": "withRouter-Connect-Drawer---drawerPaper-8",
          "grow": "withRouter-Connect-Drawer---grow-5",
          "loadingIndicator": "withRouter-Connect-Drawer---loadingIndicator-10",
          "logo": "withRouter-Connect-Drawer---logo-6",
          "navIconHide": "withRouter-Connect-Drawer---navIconHide-7",
          "root": "withRouter-Connect-Drawer---root-1",
          "toolBar": "withRouter-Connect-Drawer---toolBar-4",
        },
        "history": Object {
          "action": "POP",
          "block": [Function],
          "createHref": [Function],
          "go": [Function],
          "goBack": [Function],
          "goForward": [Function],
          "length": 2,
          "listen": [Function],
          "location": Object {
            "hash": "",
            "key": "",
            "pathname": "",
            "search": "",
            "state": Object {},
          },
          "push": [Function],
          "replace": [Function],
        },
        "location": Object {
          "hash": "",
          "key": "",
          "pathname": "",
          "search": "",
          "state": Object {},
        },
        "match": Object {
          "isExact": true,
          "params": Object {},
          "path": "",
          "url": "",
        },
        "staticContext": Object {},
      },
      "ref": null,
      "rendered": "Hallo",
      "type": [Function],
    },
  ],
  Symbol(enzyme.__options__): Object {
    "adapter": ReactSixteenAdapter {
      "options": Object {
        "enableComponentDidUpdateOnSetState": true,
        "lifecycles": Object {
          "componentDidUpdate": Object {
            "onSetState": true,
          },
          "getDerivedStateFromProps": true,
          "getSnapshotBeforeUpdate": true,
          "setState": Object {
            "skipsComponentDidUpdateOnNullish": true,
          },
        },
      },
    },
  },
}
`;
