// Jest Snapshot v1, https://goo.gl/fbAQLP

exports[`MessageStream renders correctly 1`] = `
ShallowWrapper {
  Symbol(enzyme.__root__): [Circular],
  Symbol(enzyme.__unrendered__): <MessagesProvider>
    <Unknown />
  </MessagesProvider>,
  Symbol(enzyme.__renderer__): Object {
    "batchedUpdates": [Function],
    "getNode": [Function],
    "render": [Function],
    "simulateError": [Function],
    "simulateEvent": [Function],
    "unmount": [Function],
  },
  Symbol(enzyme.__node__): Object {
    "instance": null,
    "key": undefined,
    "nodeType": "function",
    "props": Object {
      "children": <Unknown />,
      "value": Object {
        "addMessages": [Function],
        "messages": Array [],
        "removeMessage": [Function],
      },
    },
    "ref": null,
    "rendered": Object {
      "instance": null,
      "key": undefined,
      "nodeType": "function",
      "props": Object {},
      "ref": null,
      "rendered": null,
      "type": [Function],
    },
    "type": Object {
      "$$typeof": Symbol(react.provider),
      "_context": Object {
        "$$typeof": Symbol(react.context),
        "Consumer": Object {
          "$$typeof": Symbol(react.context),
          "_calculateChangedBits": null,
          "_context": [Circular],
        },
        "Provider": [Circular],
        "_calculateChangedBits": null,
        "_currentRenderer": null,
        "_currentRenderer2": null,
        "_currentValue": Object {
          "addMessages": [Function],
          "messages": Array [],
          "removeMessage": [Function],
        },
        "_currentValue2": Object {
          "addMessages": [Function],
          "messages": Array [],
          "removeMessage": [Function],
        },
        "_threadCount": 0,
      },
    },
  },
  Symbol(enzyme.__nodes__): Array [
    Object {
      "instance": null,
      "key": undefined,
      "nodeType": "function",
      "props": Object {
        "children": <Unknown />,
        "value": Object {
          "addMessages": [Function],
          "messages": Array [],
          "removeMessage": [Function],
        },
      },
      "ref": null,
      "rendered": Object {
        "instance": null,
        "key": undefined,
        "nodeType": "function",
        "props": Object {},
        "ref": null,
        "rendered": null,
        "type": [Function],
      },
      "type": Object {
        "$$typeof": Symbol(react.provider),
        "_context": Object {
          "$$typeof": Symbol(react.context),
          "Consumer": Object {
            "$$typeof": Symbol(react.context),
            "_calculateChangedBits": null,
            "_context": [Circular],
          },
          "Provider": [Circular],
          "_calculateChangedBits": null,
          "_currentRenderer": null,
          "_currentRenderer2": null,
          "_currentValue": Object {
            "addMessages": [Function],
            "messages": Array [],
            "removeMessage": [Function],
          },
          "_currentValue2": Object {
            "addMessages": [Function],
            "messages": Array [],
            "removeMessage": [Function],
          },
          "_threadCount": 0,
        },
      },
    },
  ],
  Symbol(enzyme.__options__): Object {
    "adapter": ReactSixteenAdapter {
      "options": Object {
        "enableComponentDidUpdateOnSetState": true,
        "lifecycles": Object {
          "componentDidUpdate": Object {
            "onSetState": true,
          },
          "getDerivedStateFromProps": true,
          "getSnapshotBeforeUpdate": true,
          "setState": Object {
            "skipsComponentDidUpdateOnNullish": true,
          },
        },
      },
    },
  },
}
`;
