// Jest Snapshot v1, https://goo.gl/fbAQLP

exports[`AuthenticatedRoute renders correctly 1`] = `
ShallowWrapper {
  "length": 1,
  Symbol(enzyme.__root__): [Circular],
  Symbol(enzyme.__unrendered__): <Unknown
    history={
      Object {
        "action": "POP",
        "block": [Function],
        "createHref": [Function],
        "go": [Function],
        "goBack": [Function],
        "goForward": [Function],
        "length": 2,
        "listen": [Function],
        "location": Object {
          "hash": "",
          "key": "",
          "pathname": "",
          "search": "",
          "state": Object {},
        },
        "push": [Function],
        "replace": [Function],
      }
    }
    isLoggedIn={true}
    location={
      Object {
        "hash": "",
        "key": "",
        "pathname": "",
        "search": "",
        "state": Object {},
      }
    }
    match={
      Object {
        "isExact": true,
        "params": Object {},
        "path": "",
        "url": "",
      }
    }
    staticContext={Object {}}
  >
    hallo
  </Unknown>,
  Symbol(enzyme.__renderer__): Object {
    "batchedUpdates": [Function],
    "getNode": [Function],
    "render": [Function],
    "simulateEvent": [Function],
    "unmount": [Function],
  },
  Symbol(enzyme.__node__): Object {
    "instance": null,
    "key": undefined,
    "nodeType": "function",
    "props": Object {
      "children": "hallo",
    },
    "ref": null,
    "rendered": "hallo",
    "type": Symbol(react.fragment),
  },
  Symbol(enzyme.__nodes__): Array [
    Object {
      "instance": null,
      "key": undefined,
      "nodeType": "function",
      "props": Object {
        "children": "hallo",
      },
      "ref": null,
      "rendered": "hallo",
      "type": Symbol(react.fragment),
    },
  ],
  Symbol(enzyme.__options__): Object {
    "adapter": ReactSixteenAdapter {
      "options": Object {
        "enableComponentDidUpdateOnSetState": true,
      },
    },
  },
}
`;
