// Jest Snapshot v1, https://goo.gl/fbAQLP

exports[`Table renders correctly 1`] = `
ShallowWrapper {
  "length": 1,
  Symbol(enzyme.__root__): [Circular],
  Symbol(enzyme.__unrendered__): <Table
    cellExtractor={[Function]}
    classes={Object {}}
    headers={
      Array [
        "Name",
        "Alter",
      ]
    }
    items={
      Array [
        Object {
          "alter": 16,
          "name": "Bernd",
        },
        Object {
          "alter": 17,
          "name": "Volker",
        },
      ]
    }
    keyExtractor={[Function]}
  />,
  Symbol(enzyme.__renderer__): Object {
    "batchedUpdates": [Function],
    "getNode": [Function],
    "render": [Function],
    "simulateEvent": [Function],
    "unmount": [Function],
  },
  Symbol(enzyme.__node__): Object {
    "instance": null,
    "key": undefined,
    "nodeType": "class",
    "props": Object {
      "children": Array [
        <WithStyles(GridWrapper)
          container={true}
          direction="row"
          item={true}
        >
          <WithStyles(GridWrapper)
            item={true}
            xs={12}
          >
            <TextField
              className={undefined}
              fullWidth={true}
              onChange={[Function]}
              placeholder="Suchen"
              required={false}
              select={false}
            />
          </WithStyles(GridWrapper)>
        </WithStyles(GridWrapper)>,
        <WithStyles(GridWrapper)
          className={undefined}
          item={true}
        >
          <WithStyles(Table)>
            <TableHead
              component="thead"
            >
              <WithStyles(TableRow)>
                <WithStyles(Component)
                  active={true}
                  onClick={[Function]}
                  sortUp={false}
                  tooltip="Nach Name sortieren"
                >
                  Name
                </WithStyles(Component)>
                <WithStyles(Component)
                  active={false}
                  onClick={[Function]}
                  sortUp={false}
                  tooltip="Nach Alter sortieren"
                >
                  Alter
                </WithStyles(Component)>
              </WithStyles(TableRow)>
            </TableHead>
            <TableBody
              component="tbody"
            >
              <WithStyles(TableRow)
                hover={false}
                onClick={[Function]}
              >
                <WithStyles(TableCell)>
                  Volker
                </WithStyles(TableCell)>
                <WithStyles(TableCell)>
                  17
                </WithStyles(TableCell)>
              </WithStyles(TableRow)>
              <WithStyles(TableRow)
                hover={false}
                onClick={[Function]}
              >
                <WithStyles(TableCell)>
                  Bernd
                </WithStyles(TableCell)>
                <WithStyles(TableCell)>
                  16
                </WithStyles(TableCell)>
              </WithStyles(TableRow)>
            </TableBody>
          </WithStyles(Table)>
        </WithStyles(GridWrapper)>,
      ],
      "container": true,
      "direction": "column",
    },
    "ref": null,
    "rendered": Array [
      Object {
        "instance": null,
        "key": undefined,
        "nodeType": "class",
        "props": Object {
          "children": <WithStyles(GridWrapper)
            item={true}
            xs={12}
          >
            <TextField
              className={undefined}
              fullWidth={true}
              onChange={[Function]}
              placeholder="Suchen"
              required={false}
              select={false}
            />
          </WithStyles(GridWrapper)>,
          "container": true,
          "direction": "row",
          "item": true,
        },
        "ref": null,
        "rendered": Object {
          "instance": null,
          "key": undefined,
          "nodeType": "class",
          "props": Object {
            "children": <TextField
              className={undefined}
              fullWidth={true}
              onChange={[Function]}
              placeholder="Suchen"
              required={false}
              select={false}
            />,
            "item": true,
            "xs": 12,
          },
          "ref": null,
          "rendered": Object {
            "instance": null,
            "key": undefined,
            "nodeType": "function",
            "props": Object {
              "className": undefined,
              "fullWidth": true,
              "onChange": [Function],
              "placeholder": "Suchen",
              "required": false,
              "select": false,
            },
            "ref": null,
            "rendered": null,
            "type": [Function],
          },
          "type": [Function],
        },
        "type": [Function],
      },
      Object {
        "instance": null,
        "key": undefined,
        "nodeType": "class",
        "props": Object {
          "children": <WithStyles(Table)>
            <TableHead
              component="thead"
            >
              <WithStyles(TableRow)>
                <WithStyles(Component)
                  active={true}
                  onClick={[Function]}
                  sortUp={false}
                  tooltip="Nach Name sortieren"
                >
                  Name
                </WithStyles(Component)>
                <WithStyles(Component)
                  active={false}
                  onClick={[Function]}
                  sortUp={false}
                  tooltip="Nach Alter sortieren"
                >
                  Alter
                </WithStyles(Component)>
              </WithStyles(TableRow)>
            </TableHead>
            <TableBody
              component="tbody"
            >
              <WithStyles(TableRow)
                hover={false}
                onClick={[Function]}
              >
                <WithStyles(TableCell)>
                  Volker
                </WithStyles(TableCell)>
                <WithStyles(TableCell)>
                  17
                </WithStyles(TableCell)>
              </WithStyles(TableRow)>
              <WithStyles(TableRow)
                hover={false}
                onClick={[Function]}
              >
                <WithStyles(TableCell)>
                  Bernd
                </WithStyles(TableCell)>
                <WithStyles(TableCell)>
                  16
                </WithStyles(TableCell)>
              </WithStyles(TableRow)>
            </TableBody>
          </WithStyles(Table)>,
          "className": undefined,
          "item": true,
        },
        "ref": null,
        "rendered": Object {
          "instance": null,
          "key": undefined,
          "nodeType": "class",
          "props": Object {
            "children": Array [
              <TableHead
                component="thead"
              >
                <WithStyles(TableRow)>
                  <WithStyles(Component)
                    active={true}
                    onClick={[Function]}
                    sortUp={false}
                    tooltip="Nach Name sortieren"
                  >
                    Name
                  </WithStyles(Component)>
                  <WithStyles(Component)
                    active={false}
                    onClick={[Function]}
                    sortUp={false}
                    tooltip="Nach Alter sortieren"
                  >
                    Alter
                  </WithStyles(Component)>
                </WithStyles(TableRow)>
              </TableHead>,
              <TableBody
                component="tbody"
              >
                <WithStyles(TableRow)
                  hover={false}
                  onClick={[Function]}
                >
                  <WithStyles(TableCell)>
                    Volker
                  </WithStyles(TableCell)>
                  <WithStyles(TableCell)>
                    17
                  </WithStyles(TableCell)>
                </WithStyles(TableRow)>
                <WithStyles(TableRow)
                  hover={false}
                  onClick={[Function]}
                >
                  <WithStyles(TableCell)>
                    Bernd
                  </WithStyles(TableCell)>
                  <WithStyles(TableCell)>
                    16
                  </WithStyles(TableCell)>
                </WithStyles(TableRow)>
              </TableBody>,
            ],
          },
          "ref": null,
          "rendered": Array [
            Object {
              "instance": null,
              "key": undefined,
              "nodeType": "class",
              "props": Object {
                "children": <WithStyles(TableRow)>
                  <WithStyles(Component)
                    active={true}
                    onClick={[Function]}
                    sortUp={false}
                    tooltip="Nach Name sortieren"
                  >
                    Name
                  </WithStyles(Component)>
                  <WithStyles(Component)
                    active={false}
                    onClick={[Function]}
                    sortUp={false}
                    tooltip="Nach Alter sortieren"
                  >
                    Alter
                  </WithStyles(Component)>
                </WithStyles(TableRow)>,
                "component": "thead",
              },
              "ref": null,
              "rendered": Object {
                "instance": null,
                "key": undefined,
                "nodeType": "class",
                "props": Object {
                  "children": Array [
                    <WithStyles(Component)
                      active={true}
                      onClick={[Function]}
                      sortUp={false}
                      tooltip="Nach Name sortieren"
                    >
                      Name
                    </WithStyles(Component)>,
                    <WithStyles(Component)
                      active={false}
                      onClick={[Function]}
                      sortUp={false}
                      tooltip="Nach Alter sortieren"
                    >
                      Alter
                    </WithStyles(Component)>,
                  ],
                },
                "ref": null,
                "rendered": Array [
                  Object {
                    "instance": null,
                    "key": "Name",
                    "nodeType": "class",
                    "props": Object {
                      "active": true,
                      "children": "Name",
                      "onClick": [Function],
                      "sortUp": false,
                      "tooltip": "Nach Name sortieren",
                    },
                    "ref": null,
                    "rendered": "Name",
                    "type": [Function],
                  },
                  Object {
                    "instance": null,
                    "key": "Alter",
                    "nodeType": "class",
                    "props": Object {
                      "active": false,
                      "children": "Alter",
                      "onClick": [Function],
                      "sortUp": false,
                      "tooltip": "Nach Alter sortieren",
                    },
                    "ref": null,
                    "rendered": "Alter",
                    "type": [Function],
                  },
                ],
                "type": [Function],
              },
              "type": [Function],
            },
            Object {
              "instance": null,
              "key": undefined,
              "nodeType": "class",
              "props": Object {
                "children": Array [
                  <WithStyles(TableRow)
                    hover={false}
                    onClick={[Function]}
                  >
                    <WithStyles(TableCell)>
                      Volker
                    </WithStyles(TableCell)>
                    <WithStyles(TableCell)>
                      17
                    </WithStyles(TableCell)>
                  </WithStyles(TableRow)>,
                  <WithStyles(TableRow)
                    hover={false}
                    onClick={[Function]}
                  >
                    <WithStyles(TableCell)>
                      Bernd
                    </WithStyles(TableCell)>
                    <WithStyles(TableCell)>
                      16
                    </WithStyles(TableCell)>
                  </WithStyles(TableRow)>,
                ],
                "component": "tbody",
              },
              "ref": null,
              "rendered": Array [
                Object {
                  "instance": null,
                  "key": "Volker",
                  "nodeType": "class",
                  "props": Object {
                    "children": Array [
                      <WithStyles(TableCell)>
                        Volker
                      </WithStyles(TableCell)>,
                      <WithStyles(TableCell)>
                        17
                      </WithStyles(TableCell)>,
                    ],
                    "hover": false,
                    "onClick": [Function],
                  },
                  "ref": null,
                  "rendered": Array [
                    Object {
                      "instance": null,
                      "key": "0",
                      "nodeType": "class",
                      "props": Object {
                        "children": "Volker",
                      },
                      "ref": null,
                      "rendered": "Volker",
                      "type": [Function],
                    },
                    Object {
                      "instance": null,
                      "key": "1",
                      "nodeType": "class",
                      "props": Object {
                        "children": 17,
                      },
                      "ref": null,
                      "rendered": 17,
                      "type": [Function],
                    },
                  ],
                  "type": [Function],
                },
                Object {
                  "instance": null,
                  "key": "Bernd",
                  "nodeType": "class",
                  "props": Object {
                    "children": Array [
                      <WithStyles(TableCell)>
                        Bernd
                      </WithStyles(TableCell)>,
                      <WithStyles(TableCell)>
                        16
                      </WithStyles(TableCell)>,
                    ],
                    "hover": false,
                    "onClick": [Function],
                  },
                  "ref": null,
                  "rendered": Array [
                    Object {
                      "instance": null,
                      "key": "0",
                      "nodeType": "class",
                      "props": Object {
                        "children": "Bernd",
                      },
                      "ref": null,
                      "rendered": "Bernd",
                      "type": [Function],
                    },
                    Object {
                      "instance": null,
                      "key": "1",
                      "nodeType": "class",
                      "props": Object {
                        "children": 16,
                      },
                      "ref": null,
                      "rendered": 16,
                      "type": [Function],
                    },
                  ],
                  "type": [Function],
                },
              ],
              "type": [Function],
            },
          ],
          "type": [Function],
        },
        "type": [Function],
      },
    ],
    "type": [Function],
  },
  Symbol(enzyme.__nodes__): Array [
    Object {
      "instance": null,
      "key": undefined,
      "nodeType": "class",
      "props": Object {
        "children": Array [
          <WithStyles(GridWrapper)
            container={true}
            direction="row"
            item={true}
          >
            <WithStyles(GridWrapper)
              item={true}
              xs={12}
            >
              <TextField
                className={undefined}
                fullWidth={true}
                onChange={[Function]}
                placeholder="Suchen"
                required={false}
                select={false}
              />
            </WithStyles(GridWrapper)>
          </WithStyles(GridWrapper)>,
          <WithStyles(GridWrapper)
            className={undefined}
            item={true}
          >
            <WithStyles(Table)>
              <TableHead
                component="thead"
              >
                <WithStyles(TableRow)>
                  <WithStyles(Component)
                    active={true}
                    onClick={[Function]}
                    sortUp={false}
                    tooltip="Nach Name sortieren"
                  >
                    Name
                  </WithStyles(Component)>
                  <WithStyles(Component)
                    active={false}
                    onClick={[Function]}
                    sortUp={false}
                    tooltip="Nach Alter sortieren"
                  >
                    Alter
                  </WithStyles(Component)>
                </WithStyles(TableRow)>
              </TableHead>
              <TableBody
                component="tbody"
              >
                <WithStyles(TableRow)
                  hover={false}
                  onClick={[Function]}
                >
                  <WithStyles(TableCell)>
                    Volker
                  </WithStyles(TableCell)>
                  <WithStyles(TableCell)>
                    17
                  </WithStyles(TableCell)>
                </WithStyles(TableRow)>
                <WithStyles(TableRow)
                  hover={false}
                  onClick={[Function]}
                >
                  <WithStyles(TableCell)>
                    Bernd
                  </WithStyles(TableCell)>
                  <WithStyles(TableCell)>
                    16
                  </WithStyles(TableCell)>
                </WithStyles(TableRow)>
              </TableBody>
            </WithStyles(Table)>
          </WithStyles(GridWrapper)>,
        ],
        "container": true,
        "direction": "column",
      },
      "ref": null,
      "rendered": Array [
        Object {
          "instance": null,
          "key": undefined,
          "nodeType": "class",
          "props": Object {
            "children": <WithStyles(GridWrapper)
              item={true}
              xs={12}
            >
              <TextField
                className={undefined}
                fullWidth={true}
                onChange={[Function]}
                placeholder="Suchen"
                required={false}
                select={false}
              />
            </WithStyles(GridWrapper)>,
            "container": true,
            "direction": "row",
            "item": true,
          },
          "ref": null,
          "rendered": Object {
            "instance": null,
            "key": undefined,
            "nodeType": "class",
            "props": Object {
              "children": <TextField
                className={undefined}
                fullWidth={true}
                onChange={[Function]}
                placeholder="Suchen"
                required={false}
                select={false}
              />,
              "item": true,
              "xs": 12,
            },
            "ref": null,
            "rendered": Object {
              "instance": null,
              "key": undefined,
              "nodeType": "function",
              "props": Object {
                "className": undefined,
                "fullWidth": true,
                "onChange": [Function],
                "placeholder": "Suchen",
                "required": false,
                "select": false,
              },
              "ref": null,
              "rendered": null,
              "type": [Function],
            },
            "type": [Function],
          },
          "type": [Function],
        },
        Object {
          "instance": null,
          "key": undefined,
          "nodeType": "class",
          "props": Object {
            "children": <WithStyles(Table)>
              <TableHead
                component="thead"
              >
                <WithStyles(TableRow)>
                  <WithStyles(Component)
                    active={true}
                    onClick={[Function]}
                    sortUp={false}
                    tooltip="Nach Name sortieren"
                  >
                    Name
                  </WithStyles(Component)>
                  <WithStyles(Component)
                    active={false}
                    onClick={[Function]}
                    sortUp={false}
                    tooltip="Nach Alter sortieren"
                  >
                    Alter
                  </WithStyles(Component)>
                </WithStyles(TableRow)>
              </TableHead>
              <TableBody
                component="tbody"
              >
                <WithStyles(TableRow)
                  hover={false}
                  onClick={[Function]}
                >
                  <WithStyles(TableCell)>
                    Volker
                  </WithStyles(TableCell)>
                  <WithStyles(TableCell)>
                    17
                  </WithStyles(TableCell)>
                </WithStyles(TableRow)>
                <WithStyles(TableRow)
                  hover={false}
                  onClick={[Function]}
                >
                  <WithStyles(TableCell)>
                    Bernd
                  </WithStyles(TableCell)>
                  <WithStyles(TableCell)>
                    16
                  </WithStyles(TableCell)>
                </WithStyles(TableRow)>
              </TableBody>
            </WithStyles(Table)>,
            "className": undefined,
            "item": true,
          },
          "ref": null,
          "rendered": Object {
            "instance": null,
            "key": undefined,
            "nodeType": "class",
            "props": Object {
              "children": Array [
                <TableHead
                  component="thead"
                >
                  <WithStyles(TableRow)>
                    <WithStyles(Component)
                      active={true}
                      onClick={[Function]}
                      sortUp={false}
                      tooltip="Nach Name sortieren"
                    >
                      Name
                    </WithStyles(Component)>
                    <WithStyles(Component)
                      active={false}
                      onClick={[Function]}
                      sortUp={false}
                      tooltip="Nach Alter sortieren"
                    >
                      Alter
                    </WithStyles(Component)>
                  </WithStyles(TableRow)>
                </TableHead>,
                <TableBody
                  component="tbody"
                >
                  <WithStyles(TableRow)
                    hover={false}
                    onClick={[Function]}
                  >
                    <WithStyles(TableCell)>
                      Volker
                    </WithStyles(TableCell)>
                    <WithStyles(TableCell)>
                      17
                    </WithStyles(TableCell)>
                  </WithStyles(TableRow)>
                  <WithStyles(TableRow)
                    hover={false}
                    onClick={[Function]}
                  >
                    <WithStyles(TableCell)>
                      Bernd
                    </WithStyles(TableCell)>
                    <WithStyles(TableCell)>
                      16
                    </WithStyles(TableCell)>
                  </WithStyles(TableRow)>
                </TableBody>,
              ],
            },
            "ref": null,
            "rendered": Array [
              Object {
                "instance": null,
                "key": undefined,
                "nodeType": "class",
                "props": Object {
                  "children": <WithStyles(TableRow)>
                    <WithStyles(Component)
                      active={true}
                      onClick={[Function]}
                      sortUp={false}
                      tooltip="Nach Name sortieren"
                    >
                      Name
                    </WithStyles(Component)>
                    <WithStyles(Component)
                      active={false}
                      onClick={[Function]}
                      sortUp={false}
                      tooltip="Nach Alter sortieren"
                    >
                      Alter
                    </WithStyles(Component)>
                  </WithStyles(TableRow)>,
                  "component": "thead",
                },
                "ref": null,
                "rendered": Object {
                  "instance": null,
                  "key": undefined,
                  "nodeType": "class",
                  "props": Object {
                    "children": Array [
                      <WithStyles(Component)
                        active={true}
                        onClick={[Function]}
                        sortUp={false}
                        tooltip="Nach Name sortieren"
                      >
                        Name
                      </WithStyles(Component)>,
                      <WithStyles(Component)
                        active={false}
                        onClick={[Function]}
                        sortUp={false}
                        tooltip="Nach Alter sortieren"
                      >
                        Alter
                      </WithStyles(Component)>,
                    ],
                  },
                  "ref": null,
                  "rendered": Array [
                    Object {
                      "instance": null,
                      "key": "Name",
                      "nodeType": "class",
                      "props": Object {
                        "active": true,
                        "children": "Name",
                        "onClick": [Function],
                        "sortUp": false,
                        "tooltip": "Nach Name sortieren",
                      },
                      "ref": null,
                      "rendered": "Name",
                      "type": [Function],
                    },
                    Object {
                      "instance": null,
                      "key": "Alter",
                      "nodeType": "class",
                      "props": Object {
                        "active": false,
                        "children": "Alter",
                        "onClick": [Function],
                        "sortUp": false,
                        "tooltip": "Nach Alter sortieren",
                      },
                      "ref": null,
                      "rendered": "Alter",
                      "type": [Function],
                    },
                  ],
                  "type": [Function],
                },
                "type": [Function],
              },
              Object {
                "instance": null,
                "key": undefined,
                "nodeType": "class",
                "props": Object {
                  "children": Array [
                    <WithStyles(TableRow)
                      hover={false}
                      onClick={[Function]}
                    >
                      <WithStyles(TableCell)>
                        Volker
                      </WithStyles(TableCell)>
                      <WithStyles(TableCell)>
                        17
                      </WithStyles(TableCell)>
                    </WithStyles(TableRow)>,
                    <WithStyles(TableRow)
                      hover={false}
                      onClick={[Function]}
                    >
                      <WithStyles(TableCell)>
                        Bernd
                      </WithStyles(TableCell)>
                      <WithStyles(TableCell)>
                        16
                      </WithStyles(TableCell)>
                    </WithStyles(TableRow)>,
                  ],
                  "component": "tbody",
                },
                "ref": null,
                "rendered": Array [
                  Object {
                    "instance": null,
                    "key": "Volker",
                    "nodeType": "class",
                    "props": Object {
                      "children": Array [
                        <WithStyles(TableCell)>
                          Volker
                        </WithStyles(TableCell)>,
                        <WithStyles(TableCell)>
                          17
                        </WithStyles(TableCell)>,
                      ],
                      "hover": false,
                      "onClick": [Function],
                    },
                    "ref": null,
                    "rendered": Array [
                      Object {
                        "instance": null,
                        "key": "0",
                        "nodeType": "class",
                        "props": Object {
                          "children": "Volker",
                        },
                        "ref": null,
                        "rendered": "Volker",
                        "type": [Function],
                      },
                      Object {
                        "instance": null,
                        "key": "1",
                        "nodeType": "class",
                        "props": Object {
                          "children": 17,
                        },
                        "ref": null,
                        "rendered": 17,
                        "type": [Function],
                      },
                    ],
                    "type": [Function],
                  },
                  Object {
                    "instance": null,
                    "key": "Bernd",
                    "nodeType": "class",
                    "props": Object {
                      "children": Array [
                        <WithStyles(TableCell)>
                          Bernd
                        </WithStyles(TableCell)>,
                        <WithStyles(TableCell)>
                          16
                        </WithStyles(TableCell)>,
                      ],
                      "hover": false,
                      "onClick": [Function],
                    },
                    "ref": null,
                    "rendered": Array [
                      Object {
                        "instance": null,
                        "key": "0",
                        "nodeType": "class",
                        "props": Object {
                          "children": "Bernd",
                        },
                        "ref": null,
                        "rendered": "Bernd",
                        "type": [Function],
                      },
                      Object {
                        "instance": null,
                        "key": "1",
                        "nodeType": "class",
                        "props": Object {
                          "children": 16,
                        },
                        "ref": null,
                        "rendered": 16,
                        "type": [Function],
                      },
                    ],
                    "type": [Function],
                  },
                ],
                "type": [Function],
              },
            ],
            "type": [Function],
          },
          "type": [Function],
        },
      ],
      "type": [Function],
    },
  ],
  Symbol(enzyme.__options__): Object {
    "adapter": ReactSixteenAdapter {
      "options": Object {
        "enableComponentDidUpdateOnSetState": true,
      },
    },
  },
}
`;
